// Vitest Snapshot v1, https://vitest.dev/guide/snapshot.html

exports[`barrelBreaker integration test > transforms import-example.ts correctly 1`] = `
"import { badge as nonBarrelImport } from './modules/components/badge';
import { type MyType as MySecondType } from './modules/types';
import defaultExport from "./modules/index";
import { named } from "./modules/named-export";
import { nested } from "./modules/nested/nested-export";
import { aliasedImport as custom } from "./modules/aliased-import";
import { aliased as aliasedExport } from "./modules/aliased-export";
import { type MyType } from "./modules/types";
import { button } from "@components/button";
import { badge } from "./modules/components/badge";
"
`;
